2026-02-01 12:16:08 INFO  TC_001_AccountRegistrationTest:16 - ***** Starting TC001_AccountRegistrationTest****
2026-02-01 12:16:08 INFO  TC_001_AccountRegistrationTest:23 - Clicked on MyAccount Link.. 
2026-02-01 12:16:09 INFO  TC_001_AccountRegistrationTest:26 - Clicked on Register Link.. 
2026-02-01 12:16:09 INFO  TC_001_AccountRegistrationTest:30 - Providing customer details...
2026-02-01 12:16:10 INFO  TC_001_AccountRegistrationTest:45 - Validating expected message..
2026-02-01 12:16:10 INFO  TC_001_AccountRegistrationTest:58 - ***** Finished TC001_AccountRegistrationTest *****
2026-02-01 12:16:12 INFO  TC_002_LoginTest:17 - **** Starting TC_002_LoginTest  ****
2026-02-01 12:16:12 INFO  TC_002_LoginTest:24 - clicked on myaccount link on the home page..
2026-02-01 12:16:12 INFO  TC_002_LoginTest:26 - clicked on login link under myaccount..
2026-02-01 12:16:12 INFO  TC_002_LoginTest:30 - Entering valid email and password..
2026-02-01 12:16:14 INFO  TC_002_LoginTest:34 - clicked on ligin button..
2026-02-01 12:16:14 INFO  TC_002_LoginTest:48 - **** Finished TC_002_LoginTest  ****
2026-02-01 12:18:03 INFO  TC_001_AccountRegistrationTest:16 - ***** Starting TC001_AccountRegistrationTest****
2026-02-01 12:18:04 INFO  TC_001_AccountRegistrationTest:23 - Clicked on MyAccount Link.. 
2026-02-01 12:18:04 INFO  TC_001_AccountRegistrationTest:26 - Clicked on Register Link.. 
2026-02-01 12:18:04 INFO  TC_001_AccountRegistrationTest:30 - Providing customer details...
2026-02-01 12:18:05 INFO  TC_001_AccountRegistrationTest:45 - Validating expected message..
2026-02-01 12:18:06 INFO  TC_001_AccountRegistrationTest:58 - ***** Finished TC001_AccountRegistrationTest *****
2026-02-01 12:18:07 INFO  TC_002_LoginTest:17 - **** Starting TC_002_LoginTest  ****
2026-02-01 12:18:07 INFO  TC_002_LoginTest:24 - clicked on myaccount link on the home page..
2026-02-01 12:18:08 INFO  TC_002_LoginTest:26 - clicked on login link under myaccount..
2026-02-01 12:18:08 INFO  TC_002_LoginTest:30 - Entering valid email and password..
2026-02-01 12:18:08 INFO  TC_002_LoginTest:34 - clicked on ligin button..
2026-02-01 12:18:09 INFO  TC_002_LoginTest:48 - **** Finished TC_002_LoginTest  ****
2026-02-01 12:24:31 INFO  TC_001_AccountRegistrationTest:16 - ***** Starting TC001_AccountRegistrationTest****
2026-02-01 12:24:31 INFO  TC_001_AccountRegistrationTest:23 - Clicked on MyAccount Link.. 
2026-02-01 12:24:31 INFO  TC_001_AccountRegistrationTest:26 - Clicked on Register Link.. 
2026-02-01 12:24:31 INFO  TC_001_AccountRegistrationTest:30 - Providing customer details...
2026-02-01 12:24:33 INFO  TC_001_AccountRegistrationTest:45 - Validating expected message..
2026-02-01 12:24:33 INFO  TC_001_AccountRegistrationTest:58 - ***** Finished TC001_AccountRegistrationTest *****
2026-02-01 12:24:35 INFO  TC_002_LoginTest:17 - **** Starting TC_002_LoginTest  ****
2026-02-01 12:24:35 INFO  TC_002_LoginTest:24 - clicked on myaccount link on the home page..
2026-02-01 12:24:35 INFO  TC_002_LoginTest:26 - clicked on login link under myaccount..
2026-02-01 12:24:35 INFO  TC_002_LoginTest:30 - Entering valid email and password..
2026-02-01 12:24:36 INFO  TC_002_LoginTest:34 - clicked on ligin button..
2026-02-01 12:24:36 INFO  TC_002_LoginTest:48 - **** Finished TC_002_LoginTest  ****
2026-02-01 12:26:37 INFO  TC_001_AccountRegistrationTest:16 - ***** Starting TC001_AccountRegistrationTest****
2026-02-01 12:26:38 INFO  TC_001_AccountRegistrationTest:23 - Clicked on MyAccount Link.. 
2026-02-01 12:26:38 INFO  TC_001_AccountRegistrationTest:26 - Clicked on Register Link.. 
2026-02-01 12:26:38 INFO  TC_001_AccountRegistrationTest:30 - Providing customer details...
2026-02-01 12:26:40 INFO  TC_001_AccountRegistrationTest:45 - Validating expected message..
2026-02-01 12:26:40 INFO  TC_001_AccountRegistrationTest:58 - ***** Finished TC001_AccountRegistrationTest *****
2026-02-01 12:26:41 INFO  TC_002_LoginTest:17 - **** Starting TC_002_LoginTest  ****
2026-02-01 12:26:42 INFO  TC_002_LoginTest:24 - clicked on myaccount link on the home page..
2026-02-01 12:26:42 INFO  TC_002_LoginTest:26 - clicked on login link under myaccount..
2026-02-01 12:26:42 INFO  TC_002_LoginTest:30 - Entering valid email and password..
2026-02-01 12:26:43 INFO  TC_002_LoginTest:34 - clicked on ligin button..
2026-02-01 12:26:43 INFO  TC_002_LoginTest:48 - **** Finished TC_002_LoginTest  ****
2026-02-01 12:31:57 INFO  TC_001_AccountRegistrationTest:16 - ***** Starting TC001_AccountRegistrationTest****
2026-02-01 12:31:57 INFO  TC_001_AccountRegistrationTest:23 - Clicked on MyAccount Link.. 
2026-02-01 12:31:58 INFO  TC_001_AccountRegistrationTest:26 - Clicked on Register Link.. 
2026-02-01 12:31:58 INFO  TC_001_AccountRegistrationTest:30 - Providing customer details...
2026-02-01 12:31:59 INFO  TC_001_AccountRegistrationTest:45 - Validating expected message..
2026-02-01 12:31:59 INFO  TC_001_AccountRegistrationTest:58 - ***** Finished TC001_AccountRegistrationTest *****
2026-02-01 12:32:03 INFO  TC_002_LoginTest:17 - **** Starting TC_002_LoginTest  ****
2026-02-01 12:32:03 INFO  TC_002_LoginTest:24 - clicked on myaccount link on the home page..
2026-02-01 12:32:03 INFO  TC_002_LoginTest:26 - clicked on login link under myaccount..
2026-02-01 12:32:03 INFO  TC_002_LoginTest:30 - Entering valid email and password..
2026-02-01 12:32:04 INFO  TC_002_LoginTest:34 - clicked on ligin button..
2026-02-01 12:32:04 INFO  TC_002_LoginTest:48 - **** Finished TC_002_LoginTest  ****
